I'm sorry, but errors were detected in your script. Please correct the
errors listed below, and try again.


File "game/script.rpy", line 43: end of line expected.
    _"¿En qué me equivoqué?"_
                            ^

Ren'Py Version: Ren'Py 8.1.1.23060707
Wed Jul 19 20:21:29 2023
